---
source: tests/execution_spec.rs
expression: client
---
type Query {
  value: Int
}

schema {
  query: Query
}
